// Bun Snapshot v1, https://goo.gl/fbAQLP

exports[`Libre Link Up API Integrity should successfully fetch connections 1`] = `{}`;
